// Jest Snapshot v1, https://goo.gl/fbAQLP

exports[`<Button /> should match the snapshot 1`] = `
<Wrapper
  onClick={[MockFunction]}
>
  Show more
</Wrapper>
`;
